===================================================================================
This list contains the supported environment value names, which is a public contract.
===================================================================================
TENTACLE_APPLICATION_DIRECTORY
TENTACLE_CERTIFICATE
TENTACLE_CERTIFICATE_THUMBPRINT
TENTACLE_LISTEN_IP
TENTACLE_NO_LISTEN
TENTACLE_POLLING_CUSTOM_PROXY_HOST
TENTACLE_POLLING_CUSTOM_PROXY_PASSWORD (sensitive)
TENTACLE_POLLING_CUSTOM_PROXY_PORT
TENTACLE_POLLING_CUSTOM_PROXY_USER
TENTACLE_POLLING_USE_DEFAULT_PROXY
TENTACLE_SERVICE_PORT
TENTACLE_TRUSTED_SERVERS